0 verbose cli C:\Program Files\nodejs\node.exe C:\Program Files\nodejs\node_modules\npm\bin\npm-cli.js
1 info using npm@11.16.0
2 info using node@v24.18.0
3 silly config load:file:C:\Program Files\nodejs\node_modules\npm\npmrc
4 silly config load:file:C:\Users\anas2\Documents\dev\snacky-os\.npmrc
5 silly config load:file:C:\Users\anas2\AppData\Roaming\npm\etc\npmrc
6 verbose title npm exec supabase@2.109.1 db query --local -f scripts\seed-local-role-users.sql
7 verbose argv "exec" "--yes" "--" "supabase@2.109.1" "db" "query" "--local" "-f" "scripts\\seed-local-role-users.sql"
8 verbose logfile logs-max:10 dir:C:\Users\anas2\Documents\dev\snacky-os\.npm-cache\_logs\2026-07-12T15_32_32_720Z-
9 verbose logfile C:\Users\anas2\Documents\dev\snacky-os\.npm-cache\_logs\2026-07-12T15_32_32_720Z-debug-0.log
10 silly logfile done cleaning log files
11 silly packumentCache heap:4496293888 maxSize:1124073472 maxEntrySize:562036736
12 http fetch GET 200 https://registry.npmjs.org/supabase 428ms (cache revalidated)
13 silly packumentCache heap:4496293888 maxSize:1124073472 maxEntrySize:562036736
14 verbose Could not read global path C:\Users\anas2\AppData\Roaming\npm, ignoring
15 silly packumentCache heap:4496293888 maxSize:1124073472 maxEntrySize:562036736
16 verbose cwd C:\Users\anas2\Documents\dev\snacky-os
17 verbose os Windows_NT 10.0.26200
18 verbose node v24.18.0
19 verbose npm  v11.16.0
20 verbose exit 1
21 verbose code 1
